Archive member included to satisfy reference by file (symbol)

c:/st/stm32cubeide_1.3.0/stm32cubeide/plugins/com.st.stm32cube.ide.mcu.externaltools.gnu-tools-for-stm32.7-2018-q2-update.win32_1.0.0.201904181610/tools/bin/../lib/gcc/arm-none-eabi/7.3.1/../../../../arm-none-eabi/lib/thumb/v7e-m/fpv4-sp/hard\libc_nano.a(lib_a-errno.o)
                              Core/Src/syscalls.o (__errno)
c:/st/stm32cubeide_1.3.0/stm32cubeide/plugins/com.st.stm32cube.ide.mcu.externaltools.gnu-tools-for-stm32.7-2018-q2-update.win32_1.0.0.201904181610/tools/bin/../lib/gcc/arm-none-eabi/7.3.1/../../../../arm-none-eabi/lib/thumb/v7e-m/fpv4-sp/hard\libc_nano.a(lib_a-exit.o)
                              c:/st/stm32cubeide_1.3.0/stm32cubeide/plugins/com.st.stm32cube.ide.mcu.externaltools.gnu-tools-for-stm32.7-2018-q2-update.win32_1.0.0.201904181610/tools/bin/../lib/gcc/arm-none-eabi/7.3.1/../../../../arm-none-eabi/lib/thumb/v7e-m/fpv4-sp/hard/crt0.o (exit)
c:/st/stm32cubeide_1.3.0/stm32cubeide/plugins/com.st.stm32cube.ide.mcu.externaltools.gnu-tools-for-stm32.7-2018-q2-update.win32_1.0.0.201904181610/tools/bin/../lib/gcc/arm-none-eabi/7.3.1/../../../../arm-none-eabi/lib/thumb/v7e-m/fpv4-sp/hard\libc_nano.a(lib_a-impure.o)
                              c:/st/stm32cubeide_1.3.0/stm32cubeide/plugins/com.st.stm32cube.ide.mcu.externaltools.gnu-tools-for-stm32.7-2018-q2-update.win32_1.0.0.201904181610/tools/bin/../lib/gcc/arm-none-eabi/7.3.1/../../../../arm-none-eabi/lib/thumb/v7e-m/fpv4-sp/hard\libc_nano.a(lib_a-exit.o) (_global_impure_ptr)
c:/st/stm32cubeide_1.3.0/stm32cubeide/plugins/com.st.stm32cube.ide.mcu.externaltools.gnu-tools-for-stm32.7-2018-q2-update.win32_1.0.0.201904181610/tools/bin/../lib/gcc/arm-none-eabi/7.3.1/../../../../arm-none-eabi/lib/thumb/v7e-m/fpv4-sp/hard\libc_nano.a(lib_a-init.o)
                              c:/st/stm32cubeide_1.3.0/stm32cubeide/plugins/com.st.stm32cube.ide.mcu.externaltools.gnu-tools-for-stm32.7-2018-q2-update.win32_1.0.0.201904181610/tools/bin/../lib/gcc/arm-none-eabi/7.3.1/../../../../arm-none-eabi/lib/thumb/v7e-m/fpv4-sp/hard/crt0.o (__libc_init_array)
c:/st/stm32cubeide_1.3.0/stm32cubeide/plugins/com.st.stm32cube.ide.mcu.externaltools.gnu-tools-for-stm32.7-2018-q2-update.win32_1.0.0.201904181610/tools/bin/../lib/gcc/arm-none-eabi/7.3.1/../../../../arm-none-eabi/lib/thumb/v7e-m/fpv4-sp/hard\libc_nano.a(lib_a-memset.o)
                              c:/st/stm32cubeide_1.3.0/stm32cubeide/plugins/com.st.stm32cube.ide.mcu.externaltools.gnu-tools-for-stm32.7-2018-q2-update.win32_1.0.0.201904181610/tools/bin/../lib/gcc/arm-none-eabi/7.3.1/../../../../arm-none-eabi/lib/thumb/v7e-m/fpv4-sp/hard/crt0.o (memset)

Allocating common symbols
Common symbol       size              file

hdac1               0x14              Core/Src/dac.o
uwTick              0x4               Drivers/STM32F3xx_HAL_Driver/Src/stm32f3xx_hal.o
pFlash              0x20              Drivers/STM32F3xx_HAL_Driver/Src/stm32f3xx_hal_flash.o
hadc1               0x50              Core/Src/adc.o
hhrtim1             0xdc              Core/Src/hrtim.o
hcomp2              0x30              Core/Src/comp.o

Discarded input sections

 .text          0x0000000000000000        0x0 c:/st/stm32cubeide_1.3.0/stm32cubeide/plugins/com.st.stm32cube.ide.mcu.externaltools.gnu-tools-for-stm32.7-2018-q2-update.win32_1.0.0.201904181610/tools/bin/../lib/gcc/arm-none-eabi/7.3.1/thumb/v7e-m/fpv4-sp/hard/crti.o
 .data          0x0000000000000000        0x0 c:/st/stm32cubeide_1.3.0/stm32cubeide/plugins/com.st.stm32cube.ide.mcu.externaltools.gnu-tools-for-stm32.7-2018-q2-update.win32_1.0.0.201904181610/tools/bin/../lib/gcc/arm-none-eabi/7.3.1/thumb/v7e-m/fpv4-sp/hard/crti.o
 .bss           0x0000000000000000        0x0 c:/st/stm32cubeide_1.3.0/stm32cubeide/plugins/com.st.stm32cube.ide.mcu.externaltools.gnu-tools-for-stm32.7-2018-q2-update.win32_1.0.0.201904181610/tools/bin/../lib/gcc/arm-none-eabi/7.3.1/thumb/v7e-m/fpv4-sp/hard/crti.o
 .data          0x0000000000000000        0x4 c:/st/stm32cubeide_1.3.0/stm32cubeide/plugins/com.st.stm32cube.ide.mcu.externaltools.gnu-tools-for-stm32.7-2018-q2-update.win32_1.0.0.201904181610/tools/bin/../lib/gcc/arm-none-eabi/7.3.1/thumb/v7e-m/fpv4-sp/hard/crtbegin.o
 .text          0x0000000000000000       0x74 c:/st/stm32cubeide_1.3.0/stm32cubeide/plugins/com.st.stm32cube.ide.mcu.externaltools.gnu-tools-for-stm32.7-2018-q2-update.win32_1.0.0.201904181610/tools/bin/../lib/gcc/arm-none-eabi/7.3.1/../../../../arm-none-eabi/lib/thumb/v7e-m/fpv4-sp/hard/crt0.o
 .data          0x0000000000000000        0x0 c:/st/stm32cubeide_1.3.0/stm32cubeide/plugins/com.st.stm32cube.ide.mcu.externaltools.gnu-tools-for-stm32.7-2018-q2-update.win32_1.0.0.201904181610/tools/bin/../lib/gcc/arm-none-eabi/7.3.1/../../../../arm-none-eabi/lib/thumb/v7e-m/fpv4-sp/hard/crt0.o
[...]
Memory Configuration

Name             Origin             Length             Attributes
CCMRAM           0x0000000010000000 0x0000000000001000 xrw
RAM              0x0000000020000000 0x0000000000003000 xrw
FLASH            0x0000000008000000 0x0000000000008000 xr
*default*        0x0000000000000000 0xffffffffffffffff

Linker script and memory map

LOAD c:/st/stm32cubeide_1.3.0/stm32cubeide/plugins/com.st.stm32cube.ide.mcu.externaltools.gnu-tools-for-stm32.7-2018-q2-update.win32_1.0.0.201904181610/tools/bin/../lib/gcc/arm-none-eabi/7.3.1/thumb/v7e-m/fpv4-sp/hard/crti.o
LOAD c:/st/stm32cubeide_1.3.0/stm32cubeide/plugins/com.st.stm32cube.ide.mcu.externaltools.gnu-tools-for-stm32.7-2018-q2-update.win32_1.0.0.201904181610/tools/bin/../lib/gcc/arm-none-eabi/7.3.1/thumb/v7e-m/fpv4-sp/hard/crtbegin.o
LOAD c:/st/stm32cubeide_1.3.0/stm32cubeide/plugins/com.st.stm32cube.ide.mcu.externaltools.gnu-tools-for-stm32.7-2018-q2-update.win32_1.0.0.201904181610/tools/bin/../lib/gcc/arm-none-eabi/7.3.1/../../../../arm-none-eabi/lib/thumb/v7e-m/fpv4-sp/hard/crt0.o
LOAD Core/Src/adc.o
LOAD Core/Src/comp.o
LOAD Core/Src/dac.o
LOAD Core/Src/gpio.o
LOAD Core/Src/hrtim.o
LOAD Core/Src/main.o
LOAD Core/Src/stm32f3xx_hal_msp.o
LOAD Core/Src/stm32f3xx_it.o
LOAD Core/Src/syscalls.o
LOAD Core/Src/sysmem.o
LOAD Core/Src/system_stm32f3xx.o
LOAD Core/Startup/startup_stm32f334k6tx.o
LOAD Drivers/STM32F3xx_HAL_Driver/Src/stm32f3xx_hal.o
LOAD Drivers/STM32F3xx_HAL_Driver/Src/stm32f3xx_hal_adc.o
LOAD Drivers/STM32F3xx_HAL_Driver/Src/stm32f3xx_hal_adc_ex.o
LOAD Drivers/STM32F3xx_HAL_Driver/Src/stm32f3xx_hal_comp.o
LOAD Drivers/STM32F3xx_HAL_Driver/Src/stm32f3xx_hal_cortex.o
LOAD Drivers/STM32F3xx_HAL_Driver/Src/stm32f3xx_hal_dac.o
LOAD Drivers/STM32F3xx_HAL_Driver/Src/stm32f3xx_hal_dac_ex.o
LOAD Drivers/STM32F3xx_HAL_Driver/Src/stm32f3xx_hal_dma.o
LOAD Drivers/STM32F3xx_HAL_Driver/Src/stm32f3xx_hal_exti.o
LOAD Drivers/STM32F3xx_HAL_Driver/Src/stm32f3xx_hal_flash.o
LOAD Drivers/STM32F3xx_HAL_Driver/Src/stm32f3xx_hal_flash_ex.o
LOAD Drivers/STM32F3xx_HAL_Driver/Src/stm32f3xx_hal_gpio.o
LOAD Drivers/STM32F3xx_HAL_Driver/Src/stm32f3xx_hal_hrtim.o
LOAD Drivers/STM32F3xx_HAL_Driver/Src/stm32f3xx_hal_i2c.o
LOAD Drivers/STM32F3xx_HAL_Driver/Src/stm32f3xx_hal_i2c_ex.o
LOAD Drivers/STM32F3xx_HAL_Driver/Src/stm32f3xx_hal_pwr.o
LOAD Drivers/STM32F3xx_HAL_Driver/Src/stm32f3xx_hal_pwr_ex.o
LOAD Drivers/STM32F3xx_HAL_Driver/Src/stm32f3xx_hal_rcc.o
LOAD Drivers/STM32F3xx_HAL_Driver/Src/stm32f3xx_hal_rcc_ex.o
LOAD Drivers/STM32F3xx_HAL_Driver/Src/stm32f3xx_hal_tim.o
LOAD Drivers/STM32F3xx_HAL_Driver/Src/stm32f3xx_hal_tim_ex.o
START GROUP
LOAD c:/st/stm32cubeide_1.3.0/stm32cubeide/plugins/com.st.stm32cube.ide.mcu.externaltools.gnu-tools-for-stm32.7-2018-q2-update.win32_1.0.0.201904181610/tools/bin/../lib/gcc/arm-none-eabi/7.3.1/../../../../arm-none-eabi/lib/thumb/v7e-m/fpv4-sp/hard\libc_nano.a
LOAD c:/st/stm32cubeide_1.3.0/stm32cubeide/plugins/com.st.stm32cube.ide.mcu.externaltools.gnu-tools-for-stm32.7-2018-q2-update.win32_1.0.0.201904181610/tools/bin/../lib/gcc/arm-none-eabi/7.3.1/../../../../arm-none-eabi/lib/thumb/v7e-m/fpv4-sp/hard\libm.a
END GROUP
START GROUP
LOAD c:/st/stm32cubeide_1.3.0/stm32cubeide/plugins/com.st.stm32cube.ide.mcu.externaltools.gnu-tools-for-stm32.7-2018-q2-update.win32_1.0.0.201904181610/tools/bin/../lib/gcc/arm-none-eabi/7.3.1/thumb/v7e-m/fpv4-sp/hard\libgcc.a
LOAD c:/st/stm32cubeide_1.3.0/stm32cubeide/plugins/com.st.stm32cube.ide.mcu.externaltools.gnu-tools-for-stm32.7-2018-q2-update.win32_1.0.0.201904181610/tools/bin/../lib/gcc/arm-none-eabi/7.3.1/../../../../arm-none-eabi/lib/thumb/v7e-m/fpv4-sp/hard\libc_nano.a
END GROUP
START GROUP
LOAD c:/st/stm32cubeide_1.3.0/stm32cubeide/plugins/com.st.stm32cube.ide.mcu.externaltools.gnu-tools-for-stm32.7-2018-q2-update.win32_1.0.0.201904181610/tools/bin/../lib/gcc/arm-none-eabi/7.3.1/thumb/v7e-m/fpv4-sp/hard\libgcc.a
LOAD c:/st/stm32cubeide_1.3.0/stm32cubeide/plugins/com.st.stm32cube.ide.mcu.externaltools.gnu-tools-for-stm32.7-2018-q2-update.win32_1.0.0.201904181610/tools/bin/../lib/gcc/arm-none-eabi/7.3.1/../../../../arm-none-eabi/lib/thumb/v7e-m/fpv4-sp/hard\libc_nano.a
LOAD c:/st/stm32cubeide_1.3.0/stm32cubeide/plugins/com.st.stm32cube.ide.mcu.externaltools.gnu-tools-for-stm32.7-2018-q2-update.win32_1.0.0.201904181610/tools/bin/../lib/gcc/arm-none-eabi/7.3.1/../../../../arm-none-eabi/lib/thumb/v7e-m/fpv4-sp/hard\libnosys.a
END GROUP
START GROUP
LOAD c:/st/stm32cubeide_1.3.0/stm32cubeide/plugins/com.st.stm32cube.ide.mcu.externaltools.gnu-tools-for-stm32.7-2018-q2-update.win32_1.0.0.201904181610/tools/bin/../lib/gcc/arm-none-eabi/7.3.1/thumb/v7e-m/fpv4-sp/hard\libgcc.a
LOAD c:/st/stm32cubeide_1.3.0/stm32cubeide/plugins/com.st.stm32cube.ide.mcu.externaltools.gnu-tools-for-stm32.7-2018-q2-update.win32_1.0.0.201904181610/tools/bin/../lib/gcc/arm-none-eabi/7.3.1/../../../../arm-none-eabi/lib/thumb/v7e-m/fpv4-sp/hard\libc_nano.a
LOAD c:/st/stm32cubeide_1.3.0/stm32cubeide/plugins/com.st.stm32cube.ide.mcu.externaltools.gnu-tools-for-stm32.7-2018-q2-update.win32_1.0.0.201904181610/tools/bin/../lib/gcc/arm-none-eabi/7.3.1/../../../../arm-none-eabi/lib/thumb/v7e-m/fpv4-sp/hard\libnosys.a
END GROUP
LOAD c:/st/stm32cubeide_1.3.0/stm32cubeide/plugins/com.st.stm32cube.ide.mcu.externaltools.gnu-tools-for-stm32.7-2018-q2-update.win32_1.0.0.201904181610/tools/bin/../lib/gcc/arm-none-eabi/7.3.1/thumb/v7e-m/fpv4-sp/hard/crtend.o
LOAD c:/st/stm32cubeide_1.3.0/stm32cubeide/plugins/com.st.stm32cube.ide.mcu.externaltools.gnu-tools-for-stm32.7-2018-q2-update.win32_1.0.0.201904181610/tools/bin/../lib/gcc/arm-none-eabi/7.3.1/thumb/v7e-m/fpv4-sp/hard/crtn.o
                0x0000000020003000                _estack = (ORIGIN (RAM) + LENGTH (RAM))
                0x0000000000000200                _Min_Heap_Size = 0x200
                0x0000000000000400                _Min_Stack_Size = 0x400

.isr_vector     0x0000000008000000      0x188
                0x0000000008000000                . = ALIGN (0x4)
 *(.isr_vector)
 .isr_vector    0x0000000008000000      0x188 Core/Startup/startup_stm32f334k6tx.o
                0x0000000008000000                g_pfnVectors
                0x0000000008000188                . = ALIGN (0x4)

.text           0x0000000008000188     0x4b60
                0x0000000008000188                . = ALIGN (0x4)
 *(.text)
 .text          0x0000000008000188       0x40 c:/st/stm32cubeide_1.3.0/stm32cubeide/plugins/com.st.stm32cube.ide.mcu.externaltools.gnu-tools-for-stm32.7-2018-q2-update.win32_1.0.0.201904181610/tools/bin/../lib/gcc/arm-none-eabi/7.3.1/thumb/v7e-m/fpv4-sp/hard/crtbegin.o
 *(.text*)
 .text.MX_ADC1_Init
                0x00000000080001c8      0x134 Core/Src/adc.o
                0x00000000080001c8                MX_ADC1_Init
 .text.HAL_ADC_MspInit
                0x00000000080002fc       0x88 Core/Src/adc.o
                0x00000000080002fc                HAL_ADC_MspInit
 .text.MX_COMP2_Init
                0x0000000008000384       0x4c Core/Src/comp.o
                0x0000000008000384                MX_COMP2_Init
 .text.HAL_COMP_MspInit
                0x00000000080003d0       0x64 Core/Src/comp.o
                0x00000000080003d0                HAL_COMP_MspInit
 .text.MX_DAC1_Init
                0x0000000008000434       0x54 Core/Src/dac.o
                0x0000000008000434                MX_DAC1_Init
 .text.HAL_DAC_MspInit
                0x0000000008000488       0x7c Core/Src/dac.o
                0x0000000008000488                HAL_DAC_MspInit
 .text.MX_GPIO_Init
                0x0000000008000504       0xec Core/Src/gpio.o
                0x0000000008000504                MX_GPIO_Init
 .text.MX_HRTIM1_Init
                0x00000000080005f0      0x234 Core/Src/hrtim.o
                0x00000000080005f0                MX_HRTIM1_Init
 .text.HAL_HRTIM_MspInit
                0x0000000008000824       0x40 Core/Src/hrtim.o
                0x0000000008000824                HAL_HRTIM_MspInit
 .text.HAL_HRTIM_MspPostInit
                0x0000000008000864       0x70 Core/Src/hrtim.o
                0x0000000008000864                HAL_HRTIM_MspPostInit
 .text.main     0x00000000080008d4       0x22 Core/Src/main.o
                0x00000000080008d4                main
 .text.SystemClock_Config
                0x00000000080008f6       0xb6 Core/Src/main.o
                0x00000000080008f6                SystemClock_Config
 .text.Error_Handler
                0x00000000080009ac        0xe Core/Src/main.o
                0x00000000080009ac                Error_Handler
 *fill*         0x00000000080009ba        0x2 
 .text.HAL_MspInit
                0x00000000080009bc       0x48 Core/Src/stm32f3xx_hal_msp.o
                0x00000000080009bc                HAL_MspInit
 .text.NMI_Handler
                0x0000000008000a04        0xe Core/Src/stm32f3xx_it.o
                0x0000000008000a04                NMI_Handler
 .text.HardFault_Handler
                0x0000000008000a12        0x6 Core/Src/stm32f3xx_it.o
                0x0000000008000a12                HardFault_Handler
 .text.MemManage_Handler
                0x0000000008000a18        0x6 Core/Src/stm32f3xx_it.o
                0x0000000008000a18                MemManage_Handler
 .text.BusFault_Handler
                0x0000000008000a1e        0x6 Core/Src/stm32f3xx_it.o
                0x0000000008000a1e                BusFault_Handler
 .text.UsageFault_Handler
                0x0000000008000a24        0x6 Core/Src/stm32f3xx_it.o
                0x0000000008000a24                UsageFault_Handler
 .text.SVC_Handler
                0x0000000008000a2a        0xe Core/Src/stm32f3xx_it.o
                0x0000000008000a2a                SVC_Handler
 .text.DebugMon_Handler
                0x0000000008000a38        0xe Core/Src/stm32f3xx_it.o
                0x0000000008000a38                DebugMon_Handler
 .text.PendSV_Handler
                0x0000000008000a46        0xe Core/Src/stm32f3xx_it.o
                0x0000000008000a46                PendSV_Handler
 .text.SysTick_Handler
                0x0000000008000a54        0xc Core/Src/stm32f3xx_it.o
                0x0000000008000a54                SysTick_Handler
 .text.ADC1_2_IRQHandler
                0x0000000008000a60       0x14 Core/Src/stm32f3xx_it.o
                0x0000000008000a60                ADC1_2_IRQHandler
 .text.SystemInit
                0x0000000008000a74       0x2c Core/Src/system_stm32f3xx.o
                0x0000000008000a74                SystemInit
 .text.Reset_Handler
                0x0000000008000aa0       0x50 Core/Startup/startup_stm32f334k6tx.o
                0x0000000008000aa0                Reset_Handler
 .text.Default_Handler
                0x0000000008000af0        0x2 Core/Startup/startup_stm32f334k6tx.o
                0x0000000008000af0                RTC_Alarm_IRQHandler
                0x0000000008000af0                HRTIM1_Master_IRQHandler
                0x0000000008000af0                TIM1_CC_IRQHandler
                0x0000000008000af0                HRTIM1_FLT_IRQHandler
                0x0000000008000af0                PVD_IRQHandler
                0x0000000008000af0                HRTIM1_TIMD_IRQHandler
                0x0000000008000af0                TAMP_STAMP_IRQHandler
                0x0000000008000af0                EXTI3_IRQHandler
                0x0000000008000af0                EXTI0_IRQHandler
                0x0000000008000af0                FPU_IRQHandler
                0x0000000008000af0                CAN_TX_IRQHandler
                0x0000000008000af0                TIM1_UP_TIM16_IRQHandler
                0x0000000008000af0                HRTIM1_TIME_IRQHandler
                0x0000000008000af0                SPI1_IRQHandler
                0x0000000008000af0                CAN_SCE_IRQHandler
                0x0000000008000af0                HRTIM1_TIMC_IRQHandler
                0x0000000008000af0                DMA1_Channel4_IRQHandler
                0x0000000008000af0                USART3_IRQHandler
                0x0000000008000af0                DMA1_Channel7_IRQHandler
                0x0000000008000af0                TIM7_DAC2_IRQHandler
                0x0000000008000af0                CAN_RX1_IRQHandler
                0x0000000008000af0                I2C1_EV_IRQHandler
                0x0000000008000af0                DMA1_Channel6_IRQHandler
                0x0000000008000af0                TIM3_IRQHandler
                0x0000000008000af0                RCC_IRQHandler
                0x0000000008000af0                DMA1_Channel1_IRQHandler
                0x0000000008000af0                Default_Handler
                0x0000000008000af0                EXTI15_10_IRQHandler
                0x0000000008000af0                COMP2_IRQHandler
                0x0000000008000af0                HRTIM1_TIMA_IRQHandler
                0x0000000008000af0                TIM6_DAC1_IRQHandler
                0x0000000008000af0                EXTI9_5_IRQHandler
                0x0000000008000af0                RTC_WKUP_IRQHandler
                0x0000000008000af0                DMA1_Channel5_IRQHandler
                0x0000000008000af0                EXTI4_IRQHandler
                0x0000000008000af0                HRTIM1_TIMB_IRQHandler
                0x0000000008000af0                TIM1_TRG_COM_TIM17_IRQHandler
                0x0000000008000af0                DMA1_Channel3_IRQHandler
                0x0000000008000af0                WWDG_IRQHandler
                0x0000000008000af0                TIM2_IRQHandler
                0x0000000008000af0                EXTI1_IRQHandler
                0x0000000008000af0                COMP4_6_IRQHandler
                0x0000000008000af0                USART2_IRQHandler
                0x0000000008000af0                DMA1_Channel2_IRQHandler
                0x0000000008000af0                FLASH_IRQHandler
                0x0000000008000af0                USART1_IRQHandler
                0x0000000008000af0                CAN_RX0_IRQHandler
                0x0000000008000af0                I2C1_ER_IRQHandler
                0x0000000008000af0                EXTI2_TSC_IRQHandler
                0x0000000008000af0                TIM1_BRK_TIM15_IRQHandler
 *fill*         0x0000000008000af2        0x2 
 .text.HAL_Init
                0x0000000008000af4       0x2c Drivers/STM32F3xx_HAL_Driver/Src/stm32f3xx_hal.o
                0x0000000008000af4                HAL_Init
 .text.HAL_InitTick
                0x0000000008000b20       0x60 Drivers/STM32F3xx_HAL_Driver/Src/stm32f3xx_hal.o
                0x0000000008000b20                HAL_InitTick
 .text.HAL_IncTick
                0x0000000008000b80       0x28 Drivers/STM32F3xx_HAL_Driver/Src/stm32f3xx_hal.o
                0x0000000008000b80                HAL_IncTick
 .text.HAL_GetTick
                0x0000000008000ba8       0x18 Drivers/STM32F3xx_HAL_Driver/Src/stm32f3xx_hal.o
                0x0000000008000ba8                HAL_GetTick
 .text.HAL_ADC_ConvCpltCallback
                0x0000000008000bc0       0x14 Drivers/STM32F3xx_HAL_Driver/Src/stm32f3xx_hal_adc.o
                0x0000000008000bc0                HAL_ADC_ConvCpltCallback
 .text.HAL_ADC_LevelOutOfWindowCallback
                0x0000000008000bd4       0x14 Drivers/STM32F3xx_HAL_Driver/Src/stm32f3xx_hal_adc.o
                0x0000000008000bd4                HAL_ADC_LevelOutOfWindowCallback
 .text.HAL_ADC_ErrorCallback
                0x0000000008000be8       0x14 Drivers/STM32F3xx_HAL_Driver/Src/stm32f3xx_hal_adc.o
                0x0000000008000be8                HAL_ADC_ErrorCallback
 .text.HAL_ADC_Init
                0x0000000008000bfc      0x324 Drivers/STM32F3xx_HAL_Driver/Src/stm32f3xx_hal_adc_ex.o
                0x0000000008000bfc                HAL_ADC_Init
 .text.HAL_ADC_IRQHandler
                0x0000000008000f20      0x440 Drivers/STM32F3xx_HAL_Driver/Src/stm32f3xx_hal_adc_ex.o
                0x0000000008000f20                HAL_ADC_IRQHandler
 .text.HAL_ADCEx_InjectedConvCpltCallback
                0x0000000008001360       0x14 Drivers/STM32F3xx_HAL_Driver/Src/stm32f3xx_hal_adc_ex.o
                0x0000000008001360                HAL_ADCEx_InjectedConvCpltCallback
 .text.HAL_ADCEx_InjectedQueueOverflowCallback
                0x0000000008001374       0x14 Drivers/STM32F3xx_HAL_Driver/Src/stm32f3xx_hal_adc_ex.o
                0x0000000008001374                HAL_ADCEx_InjectedQueueOverflowCallback
 .text.HAL_ADCEx_LevelOutOfWindow2Callback
                0x0000000008001388       0x14 Drivers/STM32F3xx_HAL_Driver/Src/stm32f3xx_hal_adc_ex.o
                0x0000000008001388                HAL_ADCEx_LevelOutOfWindow2Callback
 .text.HAL_ADCEx_LevelOutOfWindow3Callback
                0x000000000800139c       0x14 Drivers/STM32F3xx_HAL_Driver/Src/stm32f3xx_hal_adc_ex.o
                0x000000000800139c                HAL_ADCEx_LevelOutOfWindow3Callback
 .text.HAL_ADC_ConfigChannel
                0x00000000080013b0      0x584 Drivers/STM32F3xx_HAL_Driver/Src/stm32f3xx_hal_adc_ex.o
                0x00000000080013b0                HAL_ADC_ConfigChannel
 .text.HAL_ADCEx_MultiModeConfigChannel
                0x0000000008001934      0x18c Drivers/STM32F3xx_HAL_Driver/Src/stm32f3xx_hal_adc_ex.o
                0x0000000008001934                HAL_ADCEx_MultiModeConfigChannel
 .text.ADC_Disable
                0x0000000008001ac0       0xbe Drivers/STM32F3xx_HAL_Driver/Src/stm32f3xx_hal_adc_ex.o
 *fill*         0x0000000008001b7e        0x2 
 .text.HAL_COMP_Init
                0x0000000008001b80      0x118 Drivers/STM32F3xx_HAL_Driver/Src/stm32f3xx_hal_comp.o
                0x0000000008001b80                HAL_COMP_Init
 .text.__NVIC_SetPriorityGrouping
                0x0000000008001c98       0x48 Drivers/STM32F3xx_HAL_Driver/Src/stm32f3xx_hal_cortex.o
 .text.__NVIC_GetPriorityGrouping
                0x0000000008001ce0       0x1c Drivers/STM32F3xx_HAL_Driver/Src/stm32f3xx_hal_cortex.o
 .text.__NVIC_EnableIRQ
                0x0000000008001cfc       0x3c Drivers/STM32F3xx_HAL_Driver/Src/stm32f3xx_hal_cortex.o
 .text.__NVIC_SetPriority
                0x0000000008001d38       0x54 Drivers/STM32F3xx_HAL_Driver/Src/stm32f3xx_hal_cortex.o
 .text.NVIC_EncodePriority
                0x0000000008001d8c       0x66 Drivers/STM32F3xx_HAL_Driver/Src/stm32f3xx_hal_cortex.o
 *fill*         0x0000000008001df2        0x2 
 .text.SysTick_Config
                0x0000000008001df4       0x44 Drivers/STM32F3xx_HAL_Driver/Src/stm32f3xx_hal_cortex.o
 .text.HAL_NVIC_SetPriorityGrouping
                0x0000000008001e38       0x16 Drivers/STM32F3xx_HAL_Driver/Src/stm32f3xx_hal_cortex.o
                0x0000000008001e38                HAL_NVIC_SetPriorityGrouping
 .text.HAL_NVIC_SetPriority
                0x0000000008001e4e       0x38 Drivers/STM32F3xx_HAL_Driver/Src/stm32f3xx_hal_cortex.o
                0x0000000008001e4e                HAL_NVIC_SetPriority
 .text.HAL_NVIC_EnableIRQ
                0x0000000008001e86       0x1c Drivers/STM32F3xx_HAL_Driver/Src/stm32f3xx_hal_cortex.o
                0x0000000008001e86                HAL_NVIC_EnableIRQ
 .text.HAL_SYSTICK_Config
                0x0000000008001ea2       0x18 Drivers/STM32F3xx_HAL_Driver/Src/stm32f3xx_hal_cortex.o
                0x0000000008001ea2                HAL_SYSTICK_Config
 .text.HAL_DAC_Init
                0x0000000008001eba       0x44 Drivers/STM32F3xx_HAL_Driver/Src/stm32f3xx_hal_dac.o
                0x0000000008001eba                HAL_DAC_Init
 *fill*         0x0000000008001efe        0x2 
 .text.HAL_DAC_ConfigChannel
                0x0000000008001f00       0xd0 Drivers/STM32F3xx_HAL_Driver/Src/stm32f3xx_hal_dac_ex.o
                0x0000000008001f00                HAL_DAC_ConfigChannel
 .text.HAL_GPIO_Init
                0x0000000008001fd0      0x2e4 Drivers/STM32F3xx_HAL_Driver/Src/stm32f3xx_hal_gpio.o
                0x0000000008001fd0                HAL_GPIO_Init
 .text.HAL_GPIO_WritePin
                0x00000000080022b4       0x30 Drivers/STM32F3xx_HAL_Driver/Src/stm32f3xx_hal_gpio.o
                0x00000000080022b4                HAL_GPIO_WritePin
 .text.HAL_HRTIM_Init
                0x00000000080022e4      0x198 Drivers/STM32F3xx_HAL_Driver/Src/stm32f3xx_hal_hrtim.o
                0x00000000080022e4                HAL_HRTIM_Init
 .text.HAL_HRTIM_DLLCalibrationStart
                0x000000000800247c       0xa8 Drivers/STM32F3xx_HAL_Driver/Src/stm32f3xx_hal_hrtim.o
                0x000000000800247c                HAL_HRTIM_DLLCalibrationStart
 .text.HAL_HRTIM_PollForDLLCalibration
                0x0000000008002524       0x68 Drivers/STM32F3xx_HAL_Driver/Src/stm32f3xx_hal_hrtim.o
                0x0000000008002524                HAL_HRTIM_PollForDLLCalibration
 .text.HAL_HRTIM_TimeBaseConfig
                0x000000000800258c       0x50 Drivers/STM32F3xx_HAL_Driver/Src/stm32f3xx_hal_hrtim.o
                0x000000000800258c                HAL_HRTIM_TimeBaseConfig
 .text.HAL_HRTIM_EventConfig
                0x00000000080025dc       0x5e Drivers/STM32F3xx_HAL_Driver/Src/stm32f3xx_hal_hrtim.o
                0x00000000080025dc                HAL_HRTIM_EventConfig
 .text.HAL_HRTIM_EventPrescalerConfig
                0x000000000800263a       0x72 Drivers/STM32F3xx_HAL_Driver/Src/stm32f3xx_hal_hrtim.o
                0x000000000800263a                HAL_HRTIM_EventPrescalerConfig
 .text.HAL_HRTIM_WaveformTimerConfig
                0x00000000080026ac       0xe4 Drivers/STM32F3xx_HAL_Driver/Src/stm32f3xx_hal_hrtim.o
                0x00000000080026ac                HAL_HRTIM_WaveformTimerConfig
 .text.HAL_HRTIM_TimerEventFilteringConfig
                0x0000000008002790      0x2b8 Drivers/STM32F3xx_HAL_Driver/Src/stm32f3xx_hal_hrtim.o
                0x0000000008002790                HAL_HRTIM_TimerEventFilteringConfig
 .text.HAL_HRTIM_WaveformCompareConfig
                0x0000000008002a48      0x2dc Drivers/STM32F3xx_HAL_Driver/Src/stm32f3xx_hal_hrtim.o
                0x0000000008002a48                HAL_HRTIM_WaveformCompareConfig
 .text.HAL_HRTIM_WaveformOutputConfig
                0x0000000008002d24       0x62 Drivers/STM32F3xx_HAL_Driver/Src/stm32f3xx_hal_hrtim.o
                0x0000000008002d24                HAL_HRTIM_WaveformOutputConfig
 .text.HRTIM_MasterBase_Config
                0x0000000008002d86       0x5e Drivers/STM32F3xx_HAL_Driver/Src/stm32f3xx_hal_hrtim.o
 .text.HRTIM_TimingUnitBase_Config
                0x0000000008002de4       0x80 Drivers/STM32F3xx_HAL_Driver/Src/stm32f3xx_hal_hrtim.o
 .text.HRTIM_MasterWaveform_Config
                0x0000000008002e64       0xcc Drivers/STM32F3xx_HAL_Driver/Src/stm32f3xx_hal_hrtim.o
 .text.HRTIM_TimingUnitWaveform_Config
                0x0000000008002f30      0x280 Drivers/STM32F3xx_HAL_Driver/Src/stm32f3xx_hal_hrtim.o
 .text.HRTIM_OutputConfig
                0x00000000080031b0      0x16c Drivers/STM32F3xx_HAL_Driver/Src/stm32f3xx_hal_hrtim.o
 .text.HRTIM_EventConfig
                0x000000000800331c      0x450 Drivers/STM32F3xx_HAL_Driver/Src/stm32f3xx_hal_hrtim.o
 .text.HRTIM_ForceRegistersUpdate
                0x000000000800376c       0xc4 Drivers/STM32F3xx_HAL_Driver/Src/stm32f3xx_hal_hrtim.o
 .text.HAL_RCC_OscConfig
                0x0000000008003830      0xe10 Drivers/STM32F3xx_HAL_Driver/Src/stm32f3xx_hal_rcc.o
                0x0000000008003830                HAL_RCC_OscConfig
 .text.HAL_RCC_ClockConfig
                0x0000000008004640      0x2f8 Drivers/STM32F3xx_HAL_Driver/Src/stm32f3xx_hal_rcc.o
                0x0000000008004640                HAL_RCC_ClockConfig
 .text.HAL_RCC_GetSysClockFreq
                0x0000000008004938       0xd4 Drivers/STM32F3xx_HAL_Driver/Src/stm32f3xx_hal_rcc.o
                0x0000000008004938                HAL_RCC_GetSysClockFreq
 .text.HAL_RCCEx_PeriphCLKConfig
                0x0000000008004a0c      0x26c Drivers/STM32F3xx_HAL_Driver/Src/stm32f3xx_hal_rcc_ex.o
                0x0000000008004a0c                HAL_RCCEx_PeriphCLKConfig
 .text.__libc_init_array
                0x0000000008004c78       0x48 c:/st/stm32cubeide_1.3.0/stm32cubeide/plugins/com.st.stm32cube.ide.mcu.externaltools.gnu-tools-for-stm32.7-2018-q2-update.win32_1.0.0.201904181610/tools/bin/../lib/gcc/arm-none-eabi/7.3.1/../../../../arm-none-eabi/lib/thumb/v7e-m/fpv4-sp/hard\libc_nano.a(lib_a-init.o)
                0x0000000008004c78                __libc_init_array
 .text.memset   0x0000000008004cc0       0x10 c:/st/stm32cubeide_1.3.0/stm32cubeide/plugins/com.st.stm32cube.ide.mcu.externaltools.gnu-tools-for-stm32.7-2018-q2-update.win32_1.0.0.201904181610/tools/bin/../lib/gcc/arm-none-eabi/7.3.1/../../../../arm-none-eabi/lib/thumb/v7e-m/fpv4-sp/hard\libc_nano.a(lib_a-memset.o)
                0x0000000008004cc0                memset
 *(.glue_7)
 .glue_7        0x0000000008004cd0        0x0 linker stubs
 *(.glue_7t)
 .glue_7t       0x0000000008004cd0        0x0 linker stubs
 *(.eh_frame)
 .eh_frame      0x0000000008004cd0        0x0 c:/st/stm32cubeide_1.3.0/stm32cubeide/plugins/com.st.stm32cube.ide.mcu.externaltools.gnu-tools-for-stm32.7-2018-q2-update.win32_1.0.0.201904181610/tools/bin/../lib/gcc/arm-none-eabi/7.3.1/thumb/v7e-m/fpv4-sp/hard/crtbegin.o
 *(.init)
 .init          0x0000000008004cd0        0x4 c:/st/stm32cubeide_1.3.0/stm32cubeide/plugins/com.st.stm32cube.ide.mcu.externaltools.gnu-tools-for-stm32.7-2018-q2-update.win32_1.0.0.201904181610/tools/bin/../lib/gcc/arm-none-eabi/7.3.1/thumb/v7e-m/fpv4-sp/hard/crti.o
                0x0000000008004cd0                _init
 .init          0x0000000008004cd4        0x8 c:/st/stm32cubeide_1.3.0/stm32cubeide/plugins/com.st.stm32cube.ide.mcu.externaltools.gnu-tools-for-stm32.7-2018-q2-update.win32_1.0.0.201904181610/tools/bin/../lib/gcc/arm-none-eabi/7.3.1/thumb/v7e-m/fpv4-sp/hard/crtn.o
 *(.fini)
 .fini          0x0000000008004cdc        0x4 c:/st/stm32cubeide_1.3.0/stm32cubeide/plugins/com.st.stm32cube.ide.mcu.externaltools.gnu-tools-for-stm32.7-2018-q2-update.win32_1.0.0.201904181610/tools/bin/../lib/gcc/arm-none-eabi/7.3.1/thumb/v7e-m/fpv4-sp/hard/crti.o
                0x0000000008004cdc                _fini
 .fini          0x0000000008004ce0        0x8 c:/st/stm32cubeide_1.3.0/stm32cubeide/plugins/com.st.stm32cube.ide.mcu.externaltools.gnu-tools-for-stm32.7-2018-q2-update.win32_1.0.0.201904181610/tools/bin/../lib/gcc/arm-none-eabi/7.3.1/thumb/v7e-m/fpv4-sp/hard/crtn.o
                0x0000000008004ce8                . = ALIGN (0x4)
                0x0000000008004ce8                _etext = .

.vfp11_veneer   0x0000000008004ce8        0x0
 .vfp11_veneer  0x0000000008004ce8        0x0 linker stubs

.v4_bx          0x0000000008004ce8        0x0
 .v4_bx         0x0000000008004ce8        0x0 linker stubs

.iplt           0x0000000008004ce8        0x0
 .iplt          0x0000000008004ce8        0x0 c:/st/stm32cubeide_1.3.0/stm32cubeide/plugins/com.st.stm32cube.ide.mcu.externaltools.gnu-tools-for-stm32.7-2018-q2-update.win32_1.0.0.201904181610/tools/bin/../lib/gcc/arm-none-eabi/7.3.1/thumb/v7e-m/fpv4-sp/hard/crtbegin.o

.rodata         0x0000000008004ce8       0x30
                0x0000000008004ce8                . = ALIGN (0x4)
 *(.rodata)
 *(.rodata*)
 .rodata.AHBPrescTable
                0x0000000008004ce8       0x10 Core/Src/system_stm32f3xx.o
                0x0000000008004ce8                AHBPrescTable
 .rodata.aPLLMULFactorTable
                0x0000000008004cf8       0x10 Drivers/STM32F3xx_HAL_Driver/Src/stm32f3xx_hal_rcc.o
                0x0000000008004cf8                aPLLMULFactorTable
 .rodata.aPredivFactorTable
                0x0000000008004d08       0x10 Drivers/STM32F3xx_HAL_Driver/Src/stm32f3xx_hal_rcc.o
                0x0000000008004d08                aPredivFactorTable
                0x0000000008004d18                . = ALIGN (0x4)

.rel.dyn        0x0000000008004d18        0x0
 .rel.iplt      0x0000000008004d18        0x0 c:/st/stm32cubeide_1.3.0/stm32cubeide/plugins/com.st.stm32cube.ide.mcu.externaltools.gnu-tools-for-stm32.7-2018-q2-update.win32_1.0.0.201904181610/tools/bin/../lib/gcc/arm-none-eabi/7.3.1/thumb/v7e-m/fpv4-sp/hard/crtbegin.o

.ARM.extab      0x0000000008004d18        0x0
                0x0000000008004d18                . = ALIGN (0x4)
 *(.ARM.extab* .gnu.linkonce.armextab.*)
                0x0000000008004d18                . = ALIGN (0x4)

.ARM            0x0000000008004d18        0x0
                0x0000000008004d18                . = ALIGN (0x4)
                0x0000000008004d18                __exidx_start = .
 *(.ARM.exidx*)
                0x0000000008004d18                __exidx_end = .
                0x0000000008004d18                . = ALIGN (0x4)

.preinit_array  0x0000000008004d18        0x0
                0x0000000008004d18                . = ALIGN (0x4)
                0x0000000008004d18                PROVIDE (__preinit_array_start = .)
 *(.preinit_array*)
                0x0000000008004d18                PROVIDE (__preinit_array_end = .)
                0x0000000008004d18                . = ALIGN (0x4)

.init_array     0x0000000008004d18        0x4
                0x0000000008004d18                . = ALIGN (0x4)
                0x0000000008004d18                PROVIDE (__init_array_start = .)
 *(SORT_BY_NAME(.init_array.*))
 *(.init_array*)
 .init_array    0x0000000008004d18        0x4 c:/st/stm32cubeide_1.3.0/stm32cubeide/plugins/com.st.stm32cube.ide.mcu.externaltools.gnu-tools-for-stm32.7-2018-q2-update.win32_1.0.0.201904181610/tools/bin/../lib/gcc/arm-none-eabi/7.3.1/thumb/v7e-m/fpv4-sp/hard/crtbegin.o
                0x0000000008004d1c                PROVIDE (__init_array_end = .)
                0x0000000008004d1c                . = ALIGN (0x4)

.fini_array     0x0000000008004d1c        0x4
                0x0000000008004d1c                . = ALIGN (0x4)
                [!provide]                        PROVIDE (__fini_array_start = .)
 *(SORT_BY_NAME(.fini_array.*))
 *(.fini_array*)
 .fini_array    0x0000000008004d1c        0x4 c:/st/stm32cubeide_1.3.0/stm32cubeide/plugins/com.st.stm32cube.ide.mcu.externaltools.gnu-tools-for-stm32.7-2018-q2-update.win32_1.0.0.201904181610/tools/bin/../lib/gcc/arm-none-eabi/7.3.1/thumb/v7e-m/fpv4-sp/hard/crtbegin.o
                [!provide]                        PROVIDE (__fini_array_end = .)
                0x0000000008004d20                . = ALIGN (0x4)
                0x0000000008004d20                _sidata = LOADADDR (.data)

.data           0x0000000020000000        0xc load address 0x0000000008004d20
                0x0000000020000000                . = ALIGN (0x4)
                0x0000000020000000                _sdata = .
 *(.data)
 *(.data*)
 .data.SystemCoreClock
                0x0000000020000000        0x4 Core/Src/system_stm32f3xx.o
                0x0000000020000000                SystemCoreClock
 .data.uwTickPrio
                0x0000000020000004        0x4 Drivers/STM32F3xx_HAL_Driver/Src/stm32f3xx_hal.o
                0x0000000020000004                uwTickPrio
 .data.uwTickFreq
                0x0000000020000008        0x1 Drivers/STM32F3xx_HAL_Driver/Src/stm32f3xx_hal.o
                0x0000000020000008                uwTickFreq
                0x000000002000000c                . = ALIGN (0x4)
 *fill*         0x0000000020000009        0x3 
                0x000000002000000c                _edata = .

.igot.plt       0x000000002000000c        0x0 load address 0x0000000008004d2c
 .igot.plt      0x000000002000000c        0x0 c:/st/stm32cubeide_1.3.0/stm32cubeide/plugins/com.st.stm32cube.ide.mcu.externaltools.gnu-tools-for-stm32.7-2018-q2-update.win32_1.0.0.201904181610/tools/bin/../lib/gcc/arm-none-eabi/7.3.1/thumb/v7e-m/fpv4-sp/hard/crtbegin.o
                0x000000002000000c                . = ALIGN (0x4)

.bss            0x000000002000000c      0x190 load address 0x0000000008004d2c
                0x000000002000000c                _sbss = .
                0x000000002000000c                __bss_start__ = _sbss
 *(.bss)
 .bss           0x000000002000000c       0x1c c:/st/stm32cubeide_1.3.0/stm32cubeide/plugins/com.st.stm32cube.ide.mcu.externaltools.gnu-tools-for-stm32.7-2018-q2-update.win32_1.0.0.201904181610/tools/bin/../lib/gcc/arm-none-eabi/7.3.1/thumb/v7e-m/fpv4-sp/hard/crtbegin.o
 *(.bss*)
 *(COMMON)
 COMMON         0x0000000020000028       0x50 Core/Src/adc.o
                0x0000000020000028                hadc1
 COMMON         0x0000000020000078       0x30 Core/Src/comp.o
                0x0000000020000078                hcomp2
 COMMON         0x00000000200000a8       0x14 Core/Src/dac.o
                0x00000000200000a8                hdac1
 COMMON         0x00000000200000bc       0xdc Core/Src/hrtim.o
                0x00000000200000bc                hhrtim1
 COMMON         0x0000000020000198        0x4 Drivers/STM32F3xx_HAL_Driver/Src/stm32f3xx_hal.o
                0x0000000020000198                uwTick
                0x000000002000019c                . = ALIGN (0x4)
                0x000000002000019c                _ebss = .
                0x000000002000019c                __bss_end__ = _ebss

._user_heap_stack
                0x000000002000019c      0x604 load address 0x0000000008004d2c
                0x00000000200001a0                . = ALIGN (0x8)
 *fill*         0x000000002000019c        0x4 
                0x00000000200001a0                PROVIDE (end = .)
                [!provide]                        PROVIDE (_end = .)
                0x00000000200003a0                . = (. + _Min_Heap_Size)
 *fill*         0x00000000200001a0      0x200 
                0x00000000200007a0                . = (. + _Min_Stack_Size)
 *fill*         0x00000000200003a0      0x400 
                0x00000000200007a0                . = ALIGN (0x8)

/DISCARD/
 libc.a(*)
 libm.a(*)
 libgcc.a(*)

.ARM.attributes
                0x0000000000000000       0x30
 *(.ARM.attributes)
 .ARM.attributes
                0x0000000000000000       0x22 c:/st/stm32cubeide_1.3.0/stm32cubeide/plugins/com.st.stm32cube.ide.mcu.externaltools.gnu-tools-for-stm32.7-2018-q2-update.win32_1.0.0.201904181610/tools/bin/../lib/gcc/arm-none-eabi/7.3.1/thumb/v7e-m/fpv4-sp/hard/crti.o
 .ARM.attributes
                0x0000000000000022       0x34 c:/st/stm32cubeide_1.3.0/stm32cubeide/plugins/com.st.stm32cube.ide.mcu.externaltools.gnu-tools-for-stm32.7-2018-q2-update.win32_1.0.0.201904181610/tools/bin/../lib/gcc/arm-none-eabi/7.3.1/thumb/v7e-m/fpv4-sp/hard/crtbegin.o
 .ARM.attributes
                0x0000000000000056       0x39 Core/Src/adc.o
 .ARM.attributes
                0x000000000000008f       0x39 Core/Src/comp.o
 .ARM.attributes
                0x00000000000000c8       0x39 Core/Src/dac.o
 .ARM.attributes
                0x0000000000000101       0x39 Core/Src/gpio.o
 .ARM.attributes
                0x000000000000013a       0x39 Core/Src/hrtim.o
 .ARM.attributes
                0x0000000000000173       0x39 Core/Src/main.o
 .ARM.attributes
                0x00000000000001ac       0x39 Core/Src/stm32f3xx_hal_msp.o
 .ARM.attributes
                0x00000000000001e5       0x39 Core/Src/stm32f3xx_it.o
 .ARM.attributes
                0x000000000000021e       0x39 Core/Src/system_stm32f3xx.o
 .ARM.attributes
                0x0000000000000257       0x21 Core/Startup/startup_stm32f334k6tx.o
 .ARM.attributes
                0x0000000000000278       0x39 Drivers/STM32F3xx_HAL_Driver/Src/stm32f3xx_hal.o
 .ARM.attributes
                0x00000000000002b1       0x39 Drivers/STM32F3xx_HAL_Driver/Src/stm32f3xx_hal_adc.o
 .ARM.attributes
                0x00000000000002ea       0x39 Drivers/STM32F3xx_HAL_Driver/Src/stm32f3xx_hal_adc_ex.o
 .ARM.attributes
                0x0000000000000323       0x39 Drivers/STM32F3xx_HAL_Driver/Src/stm32f3xx_hal_comp.o
 .ARM.attributes
                0x000000000000035c       0x39 Drivers/STM32F3xx_HAL_Driver/Src/stm32f3xx_hal_cortex.o
 .ARM.attributes
                0x0000000000000395       0x39 Drivers/STM32F3xx_HAL_Driver/Src/stm32f3xx_hal_dac.o
 .ARM.attributes
                0x00000000000003ce       0x39 Drivers/STM32F3xx_HAL_Driver/Src/stm32f3xx_hal_dac_ex.o
 .ARM.attributes
                0x0000000000000407       0x39 Drivers/STM32F3xx_HAL_Driver/Src/stm32f3xx_hal_gpio.o
 .ARM.attributes
                0x0000000000000440       0x39 Drivers/STM32F3xx_HAL_Driver/Src/stm32f3xx_hal_hrtim.o
 .ARM.attributes
                0x0000000000000479       0x39 Drivers/STM32F3xx_HAL_Driver/Src/stm32f3xx_hal_rcc.o
 .ARM.attributes
                0x00000000000004b2       0x39 Drivers/STM32F3xx_HAL_Driver/Src/stm32f3xx_hal_rcc_ex.o
 .ARM.attributes
                0x00000000000004eb       0x34 c:/st/stm32cubeide_1.3.0/stm32cubeide/plugins/com.st.stm32cube.ide.mcu.externaltools.gnu-tools-for-stm32.7-2018-q2-update.win32_1.0.0.201904181610/tools/bin/../lib/gcc/arm-none-eabi/7.3.1/../../../../arm-none-eabi/lib/thumb/v7e-m/fpv4-sp/hard\libc_nano.a(lib_a-init.o)
 .ARM.attributes
                0x000000000000051f       0x34 c:/st/stm32cubeide_1.3.0/stm32cubeide/plugins/com.st.stm32cube.ide.mcu.externaltools.gnu-tools-for-stm32.7-2018-q2-update.win32_1.0.0.201904181610/tools/bin/../lib/gcc/arm-none-eabi/7.3.1/../../../../arm-none-eabi/lib/thumb/v7e-m/fpv4-sp/hard\libc_nano.a(lib_a-memset.o)
 .ARM.attributes
                0x0000000000000553       0x22 c:/st/stm32cubeide_1.3.0/stm32cubeide/plugins/com.st.stm32cube.ide.mcu.externaltools.gnu-tools-for-stm32.7-2018-q2-update.win32_1.0.0.201904181610/tools/bin/../lib/gcc/arm-none-eabi/7.3.1/thumb/v7e-m/fpv4-sp/hard/crtn.o
OUTPUT(stm32f334_1S_charger.elf elf32-littlearm)

.debug_info     0x0000000000000000     0xf554
 .debug_info    0x0000000000000000      0xbb6 Core/Src/adc.o
 .debug_info    0x0000000000000bb6      0x566 Core/Src/comp.o
 .debug_info    0x000000000000111c      0x7e2 Core/Src/dac.o
 .debug_info    0x00000000000018fe      0x3cf Core/Src/gpio.o
 .debug_info    0x0000000000001ccd      0xf54 Core/Src/hrtim.o
 .debug_info    0x0000000000002c21     0x11bf Core/Src/main.o
 .debug_info    0x0000000000003de0      0x278 Core/Src/stm32f3xx_hal_msp.o
 .debug_info    0x0000000000004058      0x795 Core/Src/stm32f3xx_it.o
 .debug_info    0x00000000000047ed      0x45c Core/Src/system_stm32f3xx.o
 .debug_info    0x0000000000004c49       0x22 Core/Startup/startup_stm32f334k6tx.o
 .debug_info    0x0000000000004c6b      0x782 Drivers/STM32F3xx_HAL_Driver/Src/stm32f3xx_hal.o
 .debug_info    0x00000000000053ed      0xbce Drivers/STM32F3xx_HAL_Driver/Src/stm32f3xx_hal_adc.o
 .debug_info    0x0000000000005fbb     0x1571 Drivers/STM32F3xx_HAL_Driver/Src/stm32f3xx_hal_adc_ex.o
 .debug_info    0x000000000000752c      0x7bf Drivers/STM32F3xx_HAL_Driver/Src/stm32f3xx_hal_comp.o
 .debug_info    0x0000000000007ceb      0xb7e Drivers/STM32F3xx_HAL_Driver/Src/stm32f3xx_hal_cortex.o
 .debug_info    0x0000000000008869      0x8fb Drivers/STM32F3xx_HAL_Driver/Src/stm32f3xx_hal_dac.o
 .debug_info    0x0000000000009164      0xa45 Drivers/STM32F3xx_HAL_Driver/Src/stm32f3xx_hal_dac_ex.o
 .debug_info    0x0000000000009ba9      0x7b2 Drivers/STM32F3xx_HAL_Driver/Src/stm32f3xx_hal_gpio.o
 .debug_info    0x000000000000a35b     0x33cb Drivers/STM32F3xx_HAL_Driver/Src/stm32f3xx_hal_hrtim.o
 .debug_info    0x000000000000d726     0x180f Drivers/STM32F3xx_HAL_Driver/Src/stm32f3xx_hal_rcc.o
 .debug_info    0x000000000000ef35      0x61f Drivers/STM32F3xx_HAL_Driver/Src/stm32f3xx_hal_rcc_ex.o

.debug_abbrev   0x0000000000000000     0x234b
 .debug_abbrev  0x0000000000000000      0x1a2 Core/Src/adc.o
 .debug_abbrev  0x00000000000001a2      0x177 Core/Src/comp.o
 .debug_abbrev  0x0000000000000319      0x199 Core/Src/dac.o
 .debug_abbrev  0x00000000000004b2      0x134 Core/Src/gpio.o
 .debug_abbrev  0x00000000000005e6      0x1c4 Core/Src/hrtim.o
 .debug_abbrev  0x00000000000007aa      0x19f Core/Src/main.o
 .debug_abbrev  0x0000000000000949      0x109 Core/Src/stm32f3xx_hal_msp.o
 .debug_abbrev  0x0000000000000a52      0x158 Core/Src/stm32f3xx_it.o
 .debug_abbrev  0x0000000000000baa      0x12b Core/Src/system_stm32f3xx.o
 .debug_abbrev  0x0000000000000cd5       0x12 Core/Startup/startup_stm32f334k6tx.o
 .debug_abbrev  0x0000000000000ce7      0x1c7 Drivers/STM32F3xx_HAL_Driver/Src/stm32f3xx_hal.o
 .debug_abbrev  0x0000000000000eae      0x187 Drivers/STM32F3xx_HAL_Driver/Src/stm32f3xx_hal_adc.o
 .debug_abbrev  0x0000000000001035      0x225 Drivers/STM32F3xx_HAL_Driver/Src/stm32f3xx_hal_adc_ex.o
 .debug_abbrev  0x000000000000125a      0x1c3 Drivers/STM32F3xx_HAL_Driver/Src/stm32f3xx_hal_comp.o
 .debug_abbrev  0x000000000000141d      0x2d5 Drivers/STM32F3xx_HAL_Driver/Src/stm32f3xx_hal_cortex.o
 .debug_abbrev  0x00000000000016f2      0x1a3 Drivers/STM32F3xx_HAL_Driver/Src/stm32f3xx_hal_dac.o
 .debug_abbrev  0x0000000000001895      0x22d Drivers/STM32F3xx_HAL_Driver/Src/stm32f3xx_hal_dac_ex.o
 .debug_abbrev  0x0000000000001ac2      0x1c0 Drivers/STM32F3xx_HAL_Driver/Src/stm32f3xx_hal_gpio.o
 .debug_abbrev  0x0000000000001c82      0x235 Drivers/STM32F3xx_HAL_Driver/Src/stm32f3xx_hal_hrtim.o
 .debug_abbrev  0x0000000000001eb7      0x28c Drivers/STM32F3xx_HAL_Driver/Src/stm32f3xx_hal_rcc.o
 .debug_abbrev  0x0000000000002143      0x208 Drivers/STM32F3xx_HAL_Driver/Src/stm32f3xx_hal_rcc_ex.o

.debug_aranges  0x0000000000000000      0xd08
 .debug_aranges
                0x0000000000000000       0x30 Core/Src/adc.o
 .debug_aranges
                0x0000000000000030       0x30 Core/Src/comp.o
 .debug_aranges
                0x0000000000000060       0x30 Core/Src/dac.o
 .debug_aranges
                0x0000000000000090       0x20 Core/Src/gpio.o
 .debug_aranges
                0x00000000000000b0       0x38 Core/Src/hrtim.o
 .debug_aranges
                0x00000000000000e8       0x30 Core/Src/main.o
 .debug_aranges
                0x0000000000000118       0x20 Core/Src/stm32f3xx_hal_msp.o
 .debug_aranges
                0x0000000000000138       0x68 Core/Src/stm32f3xx_it.o
 .debug_aranges
                0x00000000000001a0       0x28 Core/Src/system_stm32f3xx.o
 .debug_aranges
                0x00000000000001c8       0x28 Core/Startup/startup_stm32f334k6tx.o
 .debug_aranges
                0x00000000000001f0       0xe0 Drivers/STM32F3xx_HAL_Driver/Src/stm32f3xx_hal.o
 .debug_aranges
                0x00000000000002d0       0xc8 Drivers/STM32F3xx_HAL_Driver/Src/stm32f3xx_hal_adc.o
 .debug_aranges
                0x0000000000000398      0x168 Drivers/STM32F3xx_HAL_Driver/Src/stm32f3xx_hal_adc_ex.o
 .debug_aranges
                0x0000000000000500       0x88 Drivers/STM32F3xx_HAL_Driver/Src/stm32f3xx_hal_comp.o
 .debug_aranges
                0x0000000000000588      0x100 Drivers/STM32F3xx_HAL_Driver/Src/stm32f3xx_hal_cortex.o
 .debug_aranges
                0x0000000000000688       0xa8 Drivers/STM32F3xx_HAL_Driver/Src/stm32f3xx_hal_dac.o
 .debug_aranges
                0x0000000000000730       0xb8 Drivers/STM32F3xx_HAL_Driver/Src/stm32f3xx_hal_dac_ex.o
 .debug_aranges
                0x00000000000007e8       0x58 Drivers/STM32F3xx_HAL_Driver/Src/stm32f3xx_hal_gpio.o
 .debug_aranges
                0x0000000000000840      0x408 Drivers/STM32F3xx_HAL_Driver/Src/stm32f3xx_hal_hrtim.o
 .debug_aranges
                0x0000000000000c48       0x88 Drivers/STM32F3xx_HAL_Driver/Src/stm32f3xx_hal_rcc.o
 .debug_aranges
                0x0000000000000cd0       0x38 Drivers/STM32F3xx_HAL_Driver/Src/stm32f3xx_hal_rcc_ex.o

.debug_ranges   0x0000000000000000      0xbc0
 .debug_ranges  0x0000000000000000       0x20 Core/Src/adc.o
 .debug_ranges  0x0000000000000020       0x20 Core/Src/comp.o
 .debug_ranges  0x0000000000000040       0x20 Core/Src/dac.o
 .debug_ranges  0x0000000000000060       0x10 Core/Src/gpio.o
 .debug_ranges  0x0000000000000070       0x28 Core/Src/hrtim.o
 .debug_ranges  0x0000000000000098       0x20 Core/Src/main.o
 .debug_ranges  0x00000000000000b8       0x10 Core/Src/stm32f3xx_hal_msp.o
 .debug_ranges  0x00000000000000c8       0x58 Core/Src/stm32f3xx_it.o
 .debug_ranges  0x0000000000000120       0x18 Core/Src/system_stm32f3xx.o
 .debug_ranges  0x0000000000000138       0x20 Core/Startup/startup_stm32f334k6tx.o
 .debug_ranges  0x0000000000000158       0xd0 Drivers/STM32F3xx_HAL_Driver/Src/stm32f3xx_hal.o
 .debug_ranges  0x0000000000000228       0xb8 Drivers/STM32F3xx_HAL_Driver/Src/stm32f3xx_hal_adc.o
 .debug_ranges  0x00000000000002e0      0x158 Drivers/STM32F3xx_HAL_Driver/Src/stm32f3xx_hal_adc_ex.o
 .debug_ranges  0x0000000000000438       0x78 Drivers/STM32F3xx_HAL_Driver/Src/stm32f3xx_hal_comp.o
 .debug_ranges  0x00000000000004b0       0xf0 Drivers/STM32F3xx_HAL_Driver/Src/stm32f3xx_hal_cortex.o
 .debug_ranges  0x00000000000005a0       0x98 Drivers/STM32F3xx_HAL_Driver/Src/stm32f3xx_hal_dac.o
 .debug_ranges  0x0000000000000638       0xa8 Drivers/STM32F3xx_HAL_Driver/Src/stm32f3xx_hal_dac_ex.o
 .debug_ranges  0x00000000000006e0       0x48 Drivers/STM32F3xx_HAL_Driver/Src/stm32f3xx_hal_gpio.o
 .debug_ranges  0x0000000000000728      0x3f8 Drivers/STM32F3xx_HAL_Driver/Src/stm32f3xx_hal_hrtim.o
 .debug_ranges  0x0000000000000b20       0x78 Drivers/STM32F3xx_HAL_Driver/Src/stm32f3xx_hal_rcc.o
 .debug_ranges  0x0000000000000b98       0x28 Drivers/STM32F3xx_HAL_Driver/Src/stm32f3xx_hal_rcc_ex.o

.debug_macro    0x0000000000000000    0x1dfd9
 .debug_macro   0x0000000000000000      0x1f9 Core/Src/adc.o
 .debug_macro   0x00000000000001f9      0xa5a Core/Src/adc.o
 .debug_macro   0x0000000000000c53      0x163 Core/Src/adc.o
 .debug_macro   0x0000000000000db6       0x2e Core/Src/adc.o
 .debug_macro   0x0000000000000de4       0x28 Core/Src/adc.o
 .debug_macro   0x0000000000000e0c       0x22 Core/Src/adc.o
 .debug_macro   0x0000000000000e2e       0x8e Core/Src/adc.o
 .debug_macro   0x0000000000000ebc       0x51 Core/Src/adc.o
 .debug_macro   0x0000000000000f0d       0xef Core/Src/adc.o
 .debug_macro   0x0000000000000ffc       0x6a Core/Src/adc.o
 .debug_macro   0x0000000000001066      0x1df Core/Src/adc.o
 .debug_macro   0x0000000000001245       0x1c Core/Src/adc.o
 .debug_macro   0x0000000000001261       0x22 Core/Src/adc.o
 .debug_macro   0x0000000000001283       0xdf Core/Src/adc.o
 .debug_macro   0x0000000000001362      0xf07 Core/Src/adc.o
 .debug_macro   0x0000000000002269    0x15464 Core/Src/adc.o
 .debug_macro   0x00000000000176cd       0x43 Core/Src/adc.o
 .debug_macro   0x0000000000017710      0x174 Core/Src/adc.o
 .debug_macro   0x0000000000017884       0x53 Core/Src/adc.o
 .debug_macro   0x00000000000178d7      0x8f9 Core/Src/adc.o
 .debug_macro   0x00000000000181d0      0x358 Core/Src/adc.o
 .debug_macro   0x0000000000018528      0x12f Core/Src/adc.o
 .debug_macro   0x0000000000018657      0x130 Core/Src/adc.o
 .debug_macro   0x0000000000018787      0x1d5 Core/Src/adc.o
 .debug_macro   0x000000000001895c      0x1bc Core/Src/adc.o
 .debug_macro   0x0000000000018b18       0x34 Core/Src/adc.o
 .debug_macro   0x0000000000018b4c       0x3c Core/Src/adc.o
 .debug_macro   0x0000000000018b88       0x57 Core/Src/adc.o
 .debug_macro   0x0000000000018bdf      0x845 Core/Src/adc.o
 .debug_macro   0x0000000000019424       0x77 Core/Src/adc.o
 .debug_macro   0x000000000001949b       0x73 Core/Src/adc.o
 .debug_macro   0x000000000001950e      0x340 Core/Src/adc.o
 .debug_macro   0x000000000001984e       0x12 Core/Src/adc.o
 .debug_macro   0x0000000000019860      0x18b Core/Src/adc.o
 .debug_macro   0x00000000000199eb       0x73 Core/Src/adc.o
 .debug_macro   0x0000000000019a5e       0xc5 Core/Src/adc.o
 .debug_macro   0x0000000000019b23      0x19f Core/Src/adc.o
 .debug_macro   0x0000000000019cc2     0x166e Core/Src/adc.o
 .debug_macro   0x000000000001b330      0x22c Core/Src/adc.o
 .debug_macro   0x000000000001b55c       0x58 Core/Src/adc.o
 .debug_macro   0x000000000001b5b4       0xa5 Core/Src/adc.o
 .debug_macro   0x000000000001b659       0x81 Core/Src/adc.o
 .debug_macro   0x000000000001b6da       0xd3 Core/Src/adc.o
 .debug_macro   0x000000000001b7ad      0x2a1 Core/Src/adc.o
 .debug_macro   0x000000000001ba4e      0x1f9 Core/Src/comp.o
 .debug_macro   0x000000000001bc47      0x1f9 Core/Src/dac.o
 .debug_macro   0x000000000001be40      0x1f9 Core/Src/gpio.o
 .debug_macro   0x000000000001c039      0x1f9 Core/Src/hrtim.o
 .debug_macro   0x000000000001c232      0x225 Core/Src/main.o
 .debug_macro   0x000000000001c457      0x1ef Core/Src/stm32f3xx_hal_msp.o
 .debug_macro   0x000000000001c646      0x1f9 Core/Src/stm32f3xx_it.o
 .debug_macro   0x000000000001c83f      0x1eb Core/Src/system_stm32f3xx.o
 .debug_macro   0x000000000001ca2a      0x209 Drivers/STM32F3xx_HAL_Driver/Src/stm32f3xx_hal.o
 .debug_macro   0x000000000001cc33      0x1e6 Drivers/STM32F3xx_HAL_Driver/Src/stm32f3xx_hal_adc.o
 .debug_macro   0x000000000001ce19      0x20f Drivers/STM32F3xx_HAL_Driver/Src/stm32f3xx_hal_adc_ex.o
 .debug_macro   0x000000000001d028      0x1f4 Drivers/STM32F3xx_HAL_Driver/Src/stm32f3xx_hal_comp.o
 .debug_macro   0x000000000001d21c      0x1e5 Drivers/STM32F3xx_HAL_Driver/Src/stm32f3xx_hal_cortex.o
 .debug_macro   0x000000000001d401      0x1e6 Drivers/STM32F3xx_HAL_Driver/Src/stm32f3xx_hal_dac.o
 .debug_macro   0x000000000001d5e7      0x1e5 Drivers/STM32F3xx_HAL_Driver/Src/stm32f3xx_hal_dac_ex.o
 .debug_macro   0x000000000001d7cc      0x21d Drivers/STM32F3xx_HAL_Driver/Src/stm32f3xx_hal_gpio.o
 .debug_macro   0x000000000001d9e9      0x202 Drivers/STM32F3xx_HAL_Driver/Src/stm32f3xx_hal_hrtim.o
 .debug_macro   0x000000000001dbeb      0x209 Drivers/STM32F3xx_HAL_Driver/Src/stm32f3xx_hal_rcc.o
 .debug_macro   0x000000000001ddf4      0x1e5 Drivers/STM32F3xx_HAL_Driver/Src/stm32f3xx_hal_rcc_ex.o

.debug_line     0x0000000000000000     0xd250
 .debug_line    0x0000000000000000      0x737 Core/Src/adc.o
 .debug_line    0x0000000000000737      0x715 Core/Src/comp.o
 .debug_line    0x0000000000000e4c      0x712 Core/Src/dac.o
 .debug_line    0x000000000000155e      0x6f6 Core/Src/gpio.o
 .debug_line    0x0000000000001c54      0x76d Core/Src/hrtim.o
 .debug_line    0x00000000000023c1      0x74b Core/Src/main.o
 .debug_line    0x0000000000002b0c      0x6e6 Core/Src/stm32f3xx_hal_msp.o
 .debug_line    0x00000000000031f2      0x79c Core/Src/stm32f3xx_it.o
 .debug_line    0x000000000000398e      0x704 Core/Src/system_stm32f3xx.o
 .debug_line    0x0000000000004092       0x85 Core/Startup/startup_stm32f334k6tx.o
 .debug_line    0x0000000000004117      0x8c1 Drivers/STM32F3xx_HAL_Driver/Src/stm32f3xx_hal.o
 .debug_line    0x00000000000049d8      0x870 Drivers/STM32F3xx_HAL_Driver/Src/stm32f3xx_hal_adc.o
 .debug_line    0x0000000000005248     0x149d Drivers/STM32F3xx_HAL_Driver/Src/stm32f3xx_hal_adc_ex.o
 .debug_line    0x00000000000066e5      0xa36 Drivers/STM32F3xx_HAL_Driver/Src/stm32f3xx_hal_comp.o
 .debug_line    0x000000000000711b      0x998 Drivers/STM32F3xx_HAL_Driver/Src/stm32f3xx_hal_cortex.o
 .debug_line    0x0000000000007ab3      0x847 Drivers/STM32F3xx_HAL_Driver/Src/stm32f3xx_hal_dac.o
 .debug_line    0x00000000000082fa      0x951 Drivers/STM32F3xx_HAL_Driver/Src/stm32f3xx_hal_dac_ex.o
 .debug_line    0x0000000000008c4b      0x862 Drivers/STM32F3xx_HAL_Driver/Src/stm32f3xx_hal_gpio.o
 .debug_line    0x00000000000094ad     0x26c3 Drivers/STM32F3xx_HAL_Driver/Src/stm32f3xx_hal_hrtim.o
 .debug_line    0x000000000000bb70      0xe39 Drivers/STM32F3xx_HAL_Driver/Src/stm32f3xx_hal_rcc.o
 .debug_line    0x000000000000c9a9      0x8a7 Drivers/STM32F3xx_HAL_Driver/Src/stm32f3xx_hal_rcc_ex.o

.debug_str      0x0000000000000000    0xb7960
 .debug_str     0x0000000000000000    0xb3bd7 Core/Src/adc.o
                                      0xb3f36 (size before relaxing)
 .debug_str     0x00000000000b3bd7      0x171 Core/Src/comp.o
                                      0xb3897 (size before relaxing)
 .debug_str     0x00000000000b3d48      0x1a8 Core/Src/dac.o
                                      0xb3a4d (size before relaxing)
 .debug_str     0x00000000000b3ef0       0x46 Core/Src/gpio.o
                                      0xb36d9 (size before relaxing)
 .debug_str     0x00000000000b3f36      0x6a2 Core/Src/hrtim.o
                                      0xb3f93 (size before relaxing)
 .debug_str     0x00000000000b45d8      0x1fb Core/Src/main.o
                                      0xb427f (size before relaxing)
 .debug_str     0x00000000000b47d3       0x2c Core/Src/stm32f3xx_hal_msp.o
                                      0xb363e (size before relaxing)
 .debug_str     0x00000000000b47ff       0xbd Core/Src/stm32f3xx_it.o
                                      0xb3ac8 (size before relaxing)
 .debug_str     0x00000000000b48bc       0xc7 Core/Src/system_stm32f3xx.o
                                      0xb36d2 (size before relaxing)
 .debug_str     0x00000000000b4983       0x36 Core/Startup/startup_stm32f334k6tx.o
                                         0x62 (size before relaxing)
 .debug_str     0x00000000000b49b9      0x3d9 Drivers/STM32F3xx_HAL_Driver/Src/stm32f3xx_hal.o
                                      0xb3d84 (size before relaxing)
 .debug_str     0x00000000000b4d92      0x22f Drivers/STM32F3xx_HAL_Driver/Src/stm32f3xx_hal_adc.o
                                      0xb3ce9 (size before relaxing)
 .debug_str     0x00000000000b4fc1      0x6bf Drivers/STM32F3xx_HAL_Driver/Src/stm32f3xx_hal_adc_ex.o
                                      0xb4316 (size before relaxing)
 .debug_str     0x00000000000b5680      0x19b Drivers/STM32F3xx_HAL_Driver/Src/stm32f3xx_hal_comp.o
                                      0xb39af (size before relaxing)
 .debug_str     0x00000000000b581b      0x2a0 Drivers/STM32F3xx_HAL_Driver/Src/stm32f3xx_hal_cortex.o
                                      0xb3d65 (size before relaxing)
 .debug_str     0x00000000000b5abb      0x18d Drivers/STM32F3xx_HAL_Driver/Src/stm32f3xx_hal_dac.o
                                      0xb3af2 (size before relaxing)
 .debug_str     0x00000000000b5c48      0x1aa Drivers/STM32F3xx_HAL_Driver/Src/stm32f3xx_hal_dac_ex.o
                                      0xb3b84 (size before relaxing)
 .debug_str     0x00000000000b5df2      0x222 Drivers/STM32F3xx_HAL_Driver/Src/stm32f3xx_hal_gpio.o
                                      0xb3996 (size before relaxing)
 .debug_str     0x00000000000b6014     0x1569 Drivers/STM32F3xx_HAL_Driver/Src/stm32f3xx_hal_hrtim.o
                                      0xb54cf (size before relaxing)
 .debug_str     0x00000000000b757d      0x30b Drivers/STM32F3xx_HAL_Driver/Src/stm32f3xx_hal_rcc.o
                                      0xb3b2c (size before relaxing)
 .debug_str     0x00000000000b7888       0xd8 Drivers/STM32F3xx_HAL_Driver/Src/stm32f3xx_hal_rcc_ex.o
                                      0xb3855 (size before relaxing)

.comment        0x0000000000000000       0x7b
 .comment       0x0000000000000000       0x7b Core/Src/adc.o
                                         0x7c (size before relaxing)
 .comment       0x000000000000007b       0x7c Core/Src/comp.o
 .comment       0x000000000000007b       0x7c Core/Src/dac.o
 .comment       0x000000000000007b       0x7c Core/Src/gpio.o
 .comment       0x000000000000007b       0x7c Core/Src/hrtim.o
 .comment       0x000000000000007b       0x7c Core/Src/main.o
 .comment       0x000000000000007b       0x7c Core/Src/stm32f3xx_hal_msp.o
 .comment       0x000000000000007b       0x7c Core/Src/stm32f3xx_it.o
 .comment       0x000000000000007b       0x7c Core/Src/system_stm32f3xx.o
 .comment       0x000000000000007b       0x7c Drivers/STM32F3xx_HAL_Driver/Src/stm32f3xx_hal.o
 .comment       0x000000000000007b       0x7c Drivers/STM32F3xx_HAL_Driver/Src/stm32f3xx_hal_adc.o
 .comment       0x000000000000007b       0x7c Drivers/STM32F3xx_HAL_Driver/Src/stm32f3xx_hal_adc_ex.o
 .comment       0x000000000000007b       0x7c Drivers/STM32F3xx_HAL_Driver/Src/stm32f3xx_hal_comp.o
 .comment       0x000000000000007b       0x7c Drivers/STM32F3xx_HAL_Driver/Src/stm32f3xx_hal_cortex.o
 .comment       0x000000000000007b       0x7c Drivers/STM32F3xx_HAL_Driver/Src/stm32f3xx_hal_dac.o
 .comment       0x000000000000007b       0x7c Drivers/STM32F3xx_HAL_Driver/Src/stm32f3xx_hal_dac_ex.o
 .comment       0x000000000000007b       0x7c Drivers/STM32F3xx_HAL_Driver/Src/stm32f3xx_hal_gpio.o
 .comment       0x000000000000007b       0x7c Drivers/STM32F3xx_HAL_Driver/Src/stm32f3xx_hal_hrtim.o
 .comment       0x000000000000007b       0x7c Drivers/STM32F3xx_HAL_Driver/Src/stm32f3xx_hal_rcc.o
 .comment       0x000000000000007b       0x7c Drivers/STM32F3xx_HAL_Driver/Src/stm32f3xx_hal_rcc_ex.o

.debug_frame    0x0000000000000000     0x3554
 .debug_frame   0x0000000000000000       0x7c Core/Src/adc.o
 .debug_frame   0x000000000000007c       0x74 Core/Src/comp.o
 .debug_frame   0x00000000000000f0       0x7c Core/Src/dac.o
 .debug_frame   0x000000000000016c       0x34 Core/Src/gpio.o
 .debug_frame   0x00000000000001a0       0xac Core/Src/hrtim.o
 .debug_frame   0x000000000000024c       0x70 Core/Src/main.o
 .debug_frame   0x00000000000002bc       0x38 Core/Src/stm32f3xx_hal_msp.o
 .debug_frame   0x00000000000002f4      0x128 Core/Src/stm32f3xx_it.o
 .debug_frame   0x000000000000041c       0x58 Core/Src/system_stm32f3xx.o
 .debug_frame   0x0000000000000474      0x334 Drivers/STM32F3xx_HAL_Driver/Src/stm32f3xx_hal.o
 .debug_frame   0x00000000000007a8      0x380 Drivers/STM32F3xx_HAL_Driver/Src/stm32f3xx_hal_adc.o
 .debug_frame   0x0000000000000b28      0x638 Drivers/STM32F3xx_HAL_Driver/Src/stm32f3xx_hal_adc_ex.o
 .debug_frame   0x0000000000001160      0x230 Drivers/STM32F3xx_HAL_Driver/Src/stm32f3xx_hal_comp.o
 .debug_frame   0x0000000000001390      0x428 Drivers/STM32F3xx_HAL_Driver/Src/stm32f3xx_hal_cortex.o
 .debug_frame   0x00000000000017b8      0x2d4 Drivers/STM32F3xx_HAL_Driver/Src/stm32f3xx_hal_dac.o
 .debug_frame   0x0000000000001a8c      0x310 Drivers/STM32F3xx_HAL_Driver/Src/stm32f3xx_hal_dac_ex.o
 .debug_frame   0x0000000000001d9c      0x14c Drivers/STM32F3xx_HAL_Driver/Src/stm32f3xx_hal_gpio.o
 .debug_frame   0x0000000000001ee8     0x1358 Drivers/STM32F3xx_HAL_Driver/Src/stm32f3xx_hal_hrtim.o
 .debug_frame   0x0000000000003240      0x214 Drivers/STM32F3xx_HAL_Driver/Src/stm32f3xx_hal_rcc.o
 .debug_frame   0x0000000000003454       0xb4 Drivers/STM32F3xx_HAL_Driver/Src/stm32f3xx_hal_rcc_ex.o
 .debug_frame   0x0000000000003508       0x2c c:/st/stm32cubeide_1.3.0/stm32cubeide/plugins/com.st.stm32cube.ide.mcu.externaltools.gnu-tools-for-stm32.7-2018-q2-update.win32_1.0.0.201904181610/tools/bin/../lib/gcc/arm-none-eabi/7.3.1/../../../../arm-none-eabi/lib/thumb/v7e-m/fpv4-sp/hard\libc_nano.a(lib_a-init.o)
 .debug_frame   0x0000000000003534       0x20 c:/st/stm32cubeide_1.3.0/stm32cubeide/plugins/com.st.stm32cube.ide.mcu.externaltools.gnu-tools-for-stm32.7-2018-q2-update.win32_1.0.0.201904181610/tools/bin/../lib/gcc/arm-none-eabi/7.3.1/../../../../arm-none-eabi/lib/thumb/v7e-m/fpv4-sp/hard\libc_nano.a(lib_a-memset.o)
